// Jest Snapshot v1, https://goo.gl/fbAQLP

exports[`matches snapshot 1`] = `
<div
  className="item-todo"
  data-testid="todo-1"
>
  <div
    className="item-text strike"
    onClick={[Function]}
  >
    text
  </div>
  <div
    className="item-delete"
    onClick={[Function]}
  >
    X
  </div>
</div>
`;
